PHPUnit 13.1.0 by Sebastian Bergmann and contributors.

Runtime:       PHP 8.4.12
Configuration: C:\Users\leila\OneDrive\Bureau\projsymffff\Projet final sans user\phpunit.xml

DEDDDDDDDDDDEDDDDDDDDDDDDDDDDDDDDDDDDDDDDDDDDDDDDDDDDDDDDDDDDDD  63 / 900 (  7%)
DDDDDDDDDDDDDDDDDDDDDDDDDDDDDDDDDDDDDDDDDDDDDDDDDDDDDDDDDDDDDDD 126 / 900 ( 14%)
DDDDDDDDDDDDDDFDDEDFDDDDDDDDDDDDDDDDDDDDDDDDDDDDDDDDDDDDDDDDDDD 189 / 900 ( 21%)
DDDDDDDDDDDDDDDDDDDDEDEDDDDDDDDEDDDDEDEDDDDDDDDDEEEEEEDDDEEDDEE 252 / 900 ( 28%)
DDDDDDDDDEDDDDDDDDDDDDDDDDDDDDDDDDDDDDDDDDDDDDDDDDDDDEDDDDDDDDD 315 / 900 ( 35%)
DDDDDEDDDDDDDDDDDDDDDDDEDDDDDDDDDDEDDDDDDDDDDDEDDDDDDEEDDDDDDDD 378 / 900 ( 42%)
EEEEEEEEEEEDDEEDDDDDDDDDDDDDDDDDDDDDDDDDDDDDEEDDDDDDEEEEDDEEDDD 441 / 900 ( 49%)
DDDDDDDDDDDDDDDDDDDDDDDDDDDDDDDDDDDDDDDDDDDDDDDDDDDDDDDDEEDDDDD 504 / 900 ( 56%)
